../USB_DEVICE/Target/usbd_conf.c:67:6:HAL_PCD_MspInit	192	static
../USB_DEVICE/Target/usbd_conf.c:110:6:HAL_PCD_MspDeInit	16	static
../USB_DEVICE/Target/usbd_conf.c:143:6:HAL_PCD_SetupStageCallback	16	static
../USB_DEVICE/Target/usbd_conf.c:158:6:HAL_PCD_DataOutStageCallback	16	static
../USB_DEVICE/Target/usbd_conf.c:173:6:HAL_PCD_DataInStageCallback	16	static
../USB_DEVICE/Target/usbd_conf.c:187:6:HAL_PCD_SOFCallback	16	static
../USB_DEVICE/Target/usbd_conf.c:201:6:HAL_PCD_ResetCallback	24	static
../USB_DEVICE/Target/usbd_conf.c:234:6:HAL_PCD_SuspendCallback	16	static
../USB_DEVICE/Target/usbd_conf.c:259:6:HAL_PCD_ResumeCallback	16	static
../USB_DEVICE/Target/usbd_conf.c:277:6:HAL_PCD_ISOOUTIncompleteCallback	16	static
../USB_DEVICE/Target/usbd_conf.c:292:6:HAL_PCD_ISOINIncompleteCallback	16	static
../USB_DEVICE/Target/usbd_conf.c:306:6:HAL_PCD_ConnectCallback	16	static
../USB_DEVICE/Target/usbd_conf.c:320:6:HAL_PCD_DisconnectCallback	16	static
../USB_DEVICE/Target/usbd_conf.c:335:20:USBD_LL_Init	16	static
../USB_DEVICE/Target/usbd_conf.c:385:20:USBD_LL_DeInit	24	static
../USB_DEVICE/Target/usbd_conf.c:402:20:USBD_LL_Start	24	static
../USB_DEVICE/Target/usbd_conf.c:419:20:USBD_LL_Stop	24	static
../USB_DEVICE/Target/usbd_conf.c:439:20:USBD_LL_OpenEP	24	static
../USB_DEVICE/Target/usbd_conf.c:457:20:USBD_LL_CloseEP	24	static
../USB_DEVICE/Target/usbd_conf.c:475:20:USBD_LL_FlushEP	24	static
../USB_DEVICE/Target/usbd_conf.c:493:20:USBD_LL_StallEP	24	static
../USB_DEVICE/Target/usbd_conf.c:511:20:USBD_LL_ClearStallEP	24	static
../USB_DEVICE/Target/usbd_conf.c:529:9:USBD_LL_IsStallEP	24	static
../USB_DEVICE/Target/usbd_conf.c:549:20:USBD_LL_SetUSBAddress	24	static
../USB_DEVICE/Target/usbd_conf.c:569:20:USBD_LL_Transmit	32	static
../USB_DEVICE/Target/usbd_conf.c:589:20:USBD_LL_PrepareReceive	32	static
../USB_DEVICE/Target/usbd_conf.c:607:10:USBD_LL_GetRxDataSize	16	static
../USB_DEVICE/Target/usbd_conf.c:618:6:HAL_PCDEx_LPM_Callback	16	static
../USB_DEVICE/Target/usbd_conf.c:653:6:USBD_LL_Delay	16	static
../USB_DEVICE/Target/usbd_conf.c:664:13:SystemClockConfig_Resume	8	static
../USB_DEVICE/Target/usbd_conf.c:674:20:USBD_Get_USB_Status	24	static
